<?xml version="1.0" encoding="UTF-8"?>
<testsuites name="jest tests" tests="4" failures="0" errors="0" time="1.228">
  <testsuite name="c-info-box" errors="0" failures="0" skipped="0" timestamp="2022-03-08T10:10:09" time="0.273" tests="4">
    <testcase classname="c-info-box render info box: success" name="c-info-box render info box: success" time="0.026">
    </testcase>
    <testcase classname="c-info-box render info box: warning" name="c-info-box render info box: warning" time="0.003">
    </testcase>
    <testcase classname="c-info-box render info box: error" name="c-info-box render info box: error" time="0.002">
    </testcase>
    <testcase classname="c-info-box render info box: default" name="c-info-box render info box: default" time="0.001">
    </testcase>
  </testsuite>
</testsuites>